// Jest Snapshot v1, https://goo.gl/fbAQLP

exports[`createRootStyle returns object matching snapshot 1`] = `
Object {
  "backgroundColor": "black",
  "borderColor": "#4E4E4E",
  "borderRadius": 2,
  "borderWidth": 1,
  "bottom": 6,
  "padding": 2,
  "position": "absolute",
  "shadowColor": "black",
  "shadowOffset": Object {
    "height": 2,
    "width": 0,
  },
  "shadowOpacity": 0.5,
  "shadowRadius": 4,
}
`;

exports[`createTriangleStyle returns object matching snapshot 1`] = `
Object {
  "borderBottomWidth": 0,
  "borderColor": "transparent",
  "borderTopColor": "#4E4E4E",
  "borderWidth": 6,
  "bottom": -6,
  "height": 0,
  "position": "absolute",
  "width": 0,
}
`;
