// Jest Snapshot v1, https://goo.gl/fbAQLP

exports[`MarkerProgressBarOverlay renders matching snapshot 1`] = `
<View
  style={
    Array [
      Object {
        "bottom": 0,
        "minWidth": 10,
        "position": "absolute",
        "top": 0,
      },
      Object {
        "left": 0,
      },
    ]
  }
/>
`;
